---
source: bluejay-visibility/tests/integration_test.rs
expression: printed_schema_definition
---
directive @visible on FIELD_DEFINITION | ENUM_VALUE | INPUT_FIELD_DEFINITION | ARGUMENT_DEFINITION | SCALAR | OBJECT | INTERFACE | UNION | ENUM

enum MyEnum @visible {
  VISIBLE @visible
}

input MyInput @visible {
  visible: Int @visible
}

type MyObject @visible {
  visible(
    visible: Int @visible
  ): Int @visible
}

scalar MyScalar @visible

type Query @visible {
  myEnum: MyEnum @visible

  myObject: MyObject @visible

  myScalar: MyScalar @visible
}

