---
source: bluejay-parser/tests/executable_document_integration_test.rs
expression: formatted_errors
input_file: bluejay-parser/tests/test_data/executable_document/error/unclosed_selection_set.graphql
---
Error: Parse error
   ╭─[unclosed_selection_set.graphql:2:9]
   │
 2 │   field
   │         │ 
   │         ╰─ Unexpected EOF
───╯
