---
source: bluejay-parser/tests/executable_document_integration_test.rs
expression: formatted_errors
input_file: bluejay-parser/tests/test_data/executable_document/error/empty_arguments.graphql
---
Error: Parse error
   ╭─[empty_arguments.graphql:2:9]
   │
 2 │   field()
   │         ┬  
   │         ╰── Expected a name
───╯
