---
source: bluejay-parser/tests/schema_definition_integration_test.rs
expression: formatted_errors
input_file: bluejay-parser/tests/test_data/schema_definition/error/explicit_root_operation_type_not_an_object.graphql
---
Error: Referenced type `Int` is not an object
   ╭─[<unknown>:2:10]
   │
 2 │   query: Int
   │          ─┬─  
   │           ╰─── Not an object type
───╯

