---
source: bluejay-validator/tests/executable_integration_test.rs
expression: formatted_errors
input_file: bluejay-validator/tests/test_data/executable/error/value_is_valid.graphql
---
Error: No implicit conversion of integer to String
   ╭─[<unknown>:6:28]
   │
 6 │   findDog(complex: { name: 123 }) { name }
   │                            ─┬─  
   │                             ╰─── No implicit conversion to String
───╯

Error: No field with name favoriteCookieFlavor on input type ComplexInput
    ╭─[<unknown>:13:22]
    │
 13 │   findDog(complex: { favoriteCookieFlavor: "Bacon" }) { name }
    │                      ──────────┬─────────  
    │                                ╰─────────── No field with this name on input type ComplexInput
────╯

Error: Object with multiple entries for field name
    ╭─[<unknown>:1:1]
    │
 17 │   findDog(complex: { name: "Fido", name: "Fido" }) { name }
    │                      ──┬─          ──┬─  
    │                        ╰───────────────── Entry for field
    │                                      │   
    │                                      ╰─── Entry for field
────╯

Error: No implicit conversion of string to Int
   ╭─[<unknown>:2:23]
   │
 2 │   intArgField(intArg: "123")
   │                       ──┬──  
   │                         ╰──── No implicit conversion to Int
───╯

