---
source: bluejay-validator/tests/executable_integration_test.rs
expression: formatted_errors
input_file: bluejay-validator/tests/test_data/executable/error/one_of_should_not_be_nullable_in_list.graphql
---
Error: Variable $oneOfArg is of type String but must be non-nullable to be used for OneOf Input Object OneOfInput
   ╭─[ one_of_should_not_be_nullable_in_list.graphql:2:42 ]
   │
 2 │   oneOfList(oneOfListArg: [{ oneOfField: $oneOfArg }])
   │                                          ────┬────  
   │                                              ╰────── Variable $oneOfArg is of type String but must be non-nullable to be used for OneOf Input Object OneOfInput
───╯
