---
source: bluejay-validator/tests/executable_integration_test.rs
expression: formatted_errors
input_file: bluejay-validator/tests/test_data/executable/error/field_selection_merging.graphql
---
Error: Field selections do not merge
   ╭─[<unknown>:1:41]
   │
 1 │ ╭─▶ fragment conflictingBecauseAlias on Dog {
   ┆ ┆   
 4 │ ├─▶ }
   │ │       
   │ ╰─────── Field selections do not merge
───╯

Error: Field selections do not merge
   ╭─[<unknown>:6:41]
   │
 6 │ ╭─▶ fragment conflictingArgsOnValues on Dog {
   ┆ ┆   
 9 │ ├─▶ }
   │ │       
   │ ╰─────── Field selections do not merge
───╯

Error: Field selections do not merge
    ╭─[<unknown>:11:44]
    │
 11 │ ╭─▶ fragment conflictingArgsValueAndVar on Dog {
    ┆ ┆   
 14 │ ├─▶ }
    │ │       
    │ ╰─────── Field selections do not merge
────╯

Error: Field selections do not merge
    ╭─[<unknown>:16:41]
    │
 16 │ ╭─▶ fragment conflictingArgsWithVars on Dog {
    ┆ ┆   
 19 │ ├─▶ }
    │ │       
    │ ╰─────── Field selections do not merge
────╯

Error: Field selections do not merge
    ╭─[<unknown>:21:31]
    │
 21 │ ╭─▶ fragment differingArgs on Dog {
    ┆ ┆   
 24 │ ├─▶ }
    │ │       
    │ ╰─────── Field selections do not merge
────╯

Error: Field selections do not merge
    ╭─[<unknown>:26:47]
    │
 26 │ ╭─▶ fragment conflictingDifferingResponses on Pet {
    ┆ ┆   
 33 │ ├─▶ }
    │ │       
    │ ╰─────── Field selections do not merge
────╯

