---
source: bluejay-validator/tests/executable_integration_test.rs
expression: formatted_errors
input_file: bluejay-validator/tests/test_data/executable/error/argument_names.graphql
---
Error: Field `doesKnowCommand` does not define an argument named `command`
   ╭─[<unknown>:3:21]
   │
 3 │     doesKnowCommand(command: CLEAN_UP_HOUSE, dogCommand: SIT)
   │                     ───┬───  
   │                        ╰───── No argument definition with this name
───╯

Error: Directive `include` does not define an argument named `unless`
   ╭─[<unknown>:9:49]
   │
 9 │     isHouseTrained(atOtherHomes: true) @include(unless: false, if: true)
   │                                                 ───┬──  
   │                                                    ╰──── No argument definition with this name
───╯

