---
source: bluejay-validator/tests/executable_integration_test.rs
expression: formatted_errors
input_file: bluejay-validator/tests/test_data/executable/error/leaf_field_selections.graphql
---
Error: Selection on field of leaf type `Int` was not empty
   ╭─[<unknown>:3:16]
   │
 3 │ ╭─▶     barkVolume {
   ┆ ┆   
 5 │ ├─▶     }
   │ │           
   │ ╰─────────── Selection set on field of leaf type must be empty
───╯

Error: No selection on field of non-leaf type `Human`
    ╭─[<unknown>:10:3]
    │
 10 │   human
    │   ──┬──  
    │     ╰──── Fields of non-leaf types must have a selection
────╯

Error: No selection on field of non-leaf type `Pet`
    ╭─[<unknown>:14:3]
    │
 14 │   pet
    │   ─┬─  
    │    ╰─── Fields of non-leaf types must have a selection
────╯

Error: No selection on field of non-leaf type `CatOrDog`
    ╭─[<unknown>:18:3]
    │
 18 │   catOrDog
    │   ────┬───  
    │       ╰───── Fields of non-leaf types must have a selection
────╯

